<html>
<body>
<pre>
<h1>礦ision Build Log</h1>
<h2>Tool Versions:</h2>
IDE-Version: μVision V5.25.2.0
Copyright (C) 2018 ARM Ltd and ARM Germany GmbH. All rights reserved.
License Information: 发 王学琛, 发, LIC=FQQMA-18CX1-INPA7-EZIXZ-KXDR6-21UQV
 
Tool Versions:
Toolchain:       MDK-ARM Professional  Version: 5.25.2.0
Toolchain Path:  D:\diankong\ARM\ARMCC\Bin
C Compiler:      Armcc.exe V5.06 update 6 (build 750)
Assembler:       Armasm.exe V5.06 update 6 (build 750)
Linker/Locator:  ArmLink.exe V5.06 update 6 (build 750)
Library Manager: ArmAr.exe V5.06 update 6 (build 750)
Hex Converter:   FromElf.exe V5.06 update 6 (build 750)
CPU DLL:         SARMCM3.DLL V5.25.2.0
Dialog DLL:      TARMSTM.DLL  V1.66.0.0
Target DLL:      STLink\ST-LINKIII-KEIL_SWO.dll V3.0.1.0
Dialog DLL:      TARMSTM.DLL  V1.66.0.0
 
<h2>Project:</h2>
C:\Users\wangxuechen\Desktop\JingZou - 副本2(1)\JingZou - 副本2\USER\Template.uvprojx
Project File Date:  10/18/2025

<h2>Output:</h2>
*** Using Compiler 'V5.06 update 6 (build 750)', folder: 'D:\diankong\ARM\ARMCC\Bin'
Rebuild target 'aTemplate'
assembling startup_stm32f10x_hd.s...
compiling stm32f10x_it.c...
compiling main.c...
compiling Bluetooth.c...
compiling stm32f10x_bkp.c...
compiling system_stm32f10x.c...
compiling key.c...
compiling jingzou.c...
compiling stm32f10x_i2c.c...
compiling pwm.c...
compiling misc.c...
compiling LobotSerialServo.c...
compiling action_new.c...
compiling exit.c...
compiling stm32f10x_cec.c...
compiling stm32f10x_pwr.c...
compiling stm32f10x_dma.c...
compiling stm32f10x_flash.c...
compiling core_cm3.c...
compiling LED.c...
compiling stm32f10x_iwdg.c...
compiling stm32f10x_crc.c...
compiling stm32f10x_dac.c...
compiling stm32f10x_adc.c...
compiling stm32f10x_dbgmcu.c...
compiling stm32f10x_gpio.c...
compiling stm32f10x_exti.c...
compiling Usart3.c...
compiling Uart4.c...
compiling stm32f10x_rtc.c...
compiling stm32f10x_sdio.c...
compiling stm32f10x_spi.c...
compiling stm32f10x_rcc.c...
compiling stm32f10x_fsmc.c...
compiling stm32f10x_can.c...
compiling stm32f10x_wwdg.c...
compiling stm32f10x_usart.c...
compiling delay.c...
..\SYSTEM\delay\delay.c(42): warning:  #1-D: last line of file ends without a newline
  } 
..\SYSTEM\delay\delay.c: 1 warning, 0 errors
compiling uart.c...
compiling stm32f10x_tim.c...
compiling sys.c...
linking...
Program Size: Code=18068 RO-data=336 RW-data=48 ZI-data=1664  
FromELF: creating hex file...
"..\OBJ\Template.axf" - 0 Error(s), 1 Warning(s).

<h2>Software Packages used:</h2>

Package Vendor: Keil
                http://www.keil.com/pack/Keil.STM32F1xx_DFP.2.3.0.pack
                Keil.STM32F1xx_DFP.2.3.0
                STMicroelectronics STM32F1 Series Device Support, Drivers and Examples

<h2>Collection of Component include folders:</h2>
  .\RTE\_aTemplate
  D:\diankong\ARM\PACK\Keil\STM32F1xx_DFP\2.3.0\Device\Include

<h2>Collection of Component Files used:</h2>
Build Time Elapsed:  00:00:02
</pre>
</body>
</html>
